// Jest Snapshot v1, https://goo.gl/fbAQLP

exports[`Input component Renders input component 1`] = `
<div>
  <div
    class="w-full"
  >
    <div
      class="relative w-full mt-1"
    >
      <input
        class="peer block w-full flex-1 font-primary font-light appearance-none rounded-lg border-gray-light bg-white px-4 text-sm text-tertiary placeholder-text-gray focus:outline-none hover:enabled:border-dark-gray aria-invalid:!border-red disabled:text-gray disabled:cursor-not-allowed border py-[9px]"
        name="Input field"
        placeholder=" "
        type="text"
      />
    </div>
  </div>
</div>
`;
