// Jest Snapshot v1, https://goo.gl/fbAQLP

exports[`Select component Renders select component 1`] = `
<div>
  <div
    class="w-full"
  >
    <label
      class="text-grey text-sm font-medium capitalize"
    >
      Select field
    </label>
    <div
      class="relative mt-1"
    >
      <select
        class="w-full font-primary font-light placeholder:text-slate-400 border border-slate-200 rounded-lg transition duration-300 ease focus:outline-none focus:border-slate-400 hover:border-slate-400 shadow-sm focus:shadow-md appearance-none cursor-pointer bg-transparent text-dark h-10 text-sm px-2 py-2"
      >
        <option
          class="cursor-pointer"
          data-testid="option-0"
          value="0"
        >
          January
        </option>
        <option
          class="cursor-pointer"
          data-testid="option-1"
          value="1"
        >
          February
        </option>
        <option
          class="cursor-pointer"
          data-testid="option-2"
          value="2"
        >
          March
        </option>
        <option
          class="cursor-pointer"
          data-testid="option-3"
          value="3"
        >
          April
        </option>
        <option
          class="cursor-pointer"
          data-testid="option-4"
          value="4"
        >
          May
        </option>
        <option
          class="cursor-pointer"
          data-testid="option-5"
          value="5"
        >
          June
        </option>
        <option
          class="cursor-pointer"
          data-testid="option-6"
          value="6"
        >
          July
        </option>
        <option
          class="cursor-pointer"
          data-testid="option-7"
          value="7"
        >
          August
        </option>
        <option
          class="cursor-pointer"
          data-testid="option-8"
          value="8"
        >
          September
        </option>
        <option
          class="cursor-pointer"
          data-testid="option-9"
          value="9"
        >
          October
        </option>
        <option
          class="cursor-pointer"
          data-testid="option-10"
          value="10"
        >
          November
        </option>
        <option
          class="cursor-pointer"
          data-testid="option-11"
          value="11"
        >
          December
        </option>
      </select>
      <div
        class="ml-1 absolute top-[18px] right-3 text-slate-700"
      >
        <svg
          fill="none"
          height="5"
          viewBox="0 0 8 5"
          width="8"
          xmlns="http://www.w3.org/2000/svg"
        >
          <path
            d="M7.25 0.75L4 4.25L0.75 0.75"
            stroke="#adb5bd"
            stroke-linecap="round"
            stroke-linejoin="round"
            stroke-width="1.5"
          />
        </svg>
      </div>
    </div>
  </div>
</div>
`;
