// Jest Snapshot v1, https://goo.gl/fbAQLP

exports[`TableBody Should matches snapshot 1`] = `
<div>
  <table>
    <tbody>
      <tr>
        <td
          class="px-6 py-2 border-0 border-b border-gray-100 bg-greyish"
        >
          <div
            class="flex items-center"
          >
            <p
              class="text-darker font-normal text-sm"
            >
              1
            </p>
          </div>
        </td>
        <td
          class="px-6 py-2 border-0 border-b border-gray-100 bg-greyish"
        >
          <div
            class="flex items-center"
          >
            <p
              class="text-darker font-normal text-sm"
            >
              Alyvia Kelley
            </p>
          </div>
        </td>
        <td
          class="px-6 py-2 border-0 border-b border-gray-100 bg-greyish"
        >
          <div
            class="flex items-center"
          >
            <div
              class="h-2.5 w-2.5 rounded-full bg-green-500 me-2"
            />
            <p
              class="text-darker font-normal text-sm"
            >
              Approved
            </p>
          </div>
        </td>
        <td
          class="px-6 py-2 border-0 border-b border-gray-100 bg-greyish"
        >
          <div
            class="flex items-center"
          >
            <p
              class="text-darker font-normal text-sm"
            >
              test@gmail.com
            </p>
          </div>
        </td>
        <td
          class="px-6 py-2 border-0 border-b border-gray-100 bg-greyish"
        >
          <div
            class="flex items-center"
          >
            <p
              class="text-darker font-normal text-sm"
            >
              06/18/1978
            </p>
          </div>
        </td>
        <td
          class="px-6 py-2 border-0 border-b border-gray-100 bg-greyish"
        >
          <div
            class="flex gap-2"
          >
            <button
              class="flex flex-row gap-x-4 font-primary uppercase font-medium disabled:cursor-not-allowed items-center justify-center bg-white text-darker hover:bg-greyish border hover:border-greyish border-greyish hover:shadow-md text-sm rounded-lg w-[40px] h-[40px] p-0"
              type="button"
            >
              <svg
                fill="none"
                height="20"
                viewBox="0 0 20 20"
                width="20"
                xmlns="http://www.w3.org/2000/svg"
              >
                <path
                  d="M14.375 12.7083V5.625H7.29167M14.1667 5.83333L5.625 14.375"
                  stroke="#212529"
                  stroke-linecap="round"
                  stroke-linejoin="round"
                  stroke-width="1.5"
                />
              </svg>
            </button>
            <button
              class="flex flex-row gap-x-4 font-primary uppercase font-medium disabled:cursor-not-allowed items-center justify-center bg-white text-darker hover:bg-greyish border hover:border-greyish border-greyish hover:shadow-md text-sm rounded-lg w-[40px] h-[40px] p-0"
              type="button"
            >
              <svg
                fill="none"
                height="20"
                viewBox="0 0 20 20"
                width="20"
                xmlns="http://www.w3.org/2000/svg"
              >
                <path
                  d="M16.0417 16.0417H11.4584M3.95837 16.0417L7.50004 15.2083L15.2441 7.46426C15.5695 7.13881 15.5695 6.61118 15.2441 6.28574L13.7143 4.75592C13.3889 4.43048 12.8612 4.43048 12.5358 4.75592L4.79171 12.5L3.95837 16.0417Z"
                  stroke="#212529"
                  stroke-linecap="round"
                  stroke-linejoin="round"
                  stroke-width="1.5"
                />
              </svg>
            </button>
            <button
              class="flex flex-row gap-x-4 font-primary uppercase font-medium disabled:cursor-not-allowed items-center justify-center bg-white text-darker hover:bg-greyish border hover:border-greyish border-greyish hover:shadow-md text-sm rounded-lg w-[40px] h-[40px] p-0"
              type="button"
            >
              <svg
                fill="none"
                height="14"
                viewBox="0 0 14 14"
                width="14"
                xmlns="http://www.w3.org/2000/svg"
              >
                <path
                  d="M2.62496 3.45837L3.32592 11.5195C3.40081 12.3807 4.12181 13.0417 4.98632 13.0417H9.01363C9.87813 13.0417 10.5991 12.3807 10.674 11.5195L11.375 3.45837M5.12496 3.25004V2.62504C5.12496 1.70457 5.87113 0.958374 6.79163 0.958374H7.20829C8.12879 0.958374 8.87496 1.70457 8.87496 2.62504V3.25004M1.16663 3.45837H12.8333"
                  stroke="#212529"
                  stroke-linecap="round"
                  stroke-linejoin="round"
                  stroke-width="1.5"
                />
              </svg>
            </button>
          </div>
        </td>
      </tr>
      <tr>
        <td
          class="px-6 py-2 border-0 border-b border-gray-100 bg-transparent"
        >
          <div
            class="flex items-center"
          >
            <p
              class="text-darker font-normal text-sm"
            >
              2
            </p>
          </div>
        </td>
        <td
          class="px-6 py-2 border-0 border-b border-gray-100 bg-transparent"
        >
          <div
            class="flex items-center"
          >
            <p
              class="text-darker font-normal text-sm"
            >
              Jaiden Nixon
            </p>
          </div>
        </td>
        <td
          class="px-6 py-2 border-0 border-b border-gray-100 bg-transparent"
        >
          <div
            class="flex items-center"
          >
            <div
              class="h-2.5 w-2.5 rounded-full bg-red-500 me-2"
            />
            <p
              class="text-darker font-normal text-sm"
            >
              Rejected
            </p>
          </div>
        </td>
        <td
          class="px-6 py-2 border-0 border-b border-gray-100 bg-transparent"
        >
          <div
            class="flex items-center"
          >
            <p
              class="text-darker font-normal text-sm"
            >
              jaiden.n@gmail.com
            </p>
          </div>
        </td>
        <td
          class="px-6 py-2 border-0 border-b border-gray-100 bg-transparent"
        >
          <div
            class="flex items-center"
          >
            <p
              class="text-darker font-normal text-sm"
            >
              09/18/1983
            </p>
          </div>
        </td>
        <td
          class="px-6 py-2 border-0 border-b border-gray-100 bg-transparent"
        >
          <div
            class="flex gap-2"
          >
            <button
              class="flex flex-row gap-x-4 font-primary uppercase font-medium disabled:cursor-not-allowed items-center justify-center bg-white text-darker hover:bg-greyish border hover:border-greyish border-greyish hover:shadow-md text-sm rounded-lg w-[40px] h-[40px] p-0"
              type="button"
            >
              <svg
                fill="none"
                height="20"
                viewBox="0 0 20 20"
                width="20"
                xmlns="http://www.w3.org/2000/svg"
              >
                <path
                  d="M14.375 12.7083V5.625H7.29167M14.1667 5.83333L5.625 14.375"
                  stroke="#212529"
                  stroke-linecap="round"
                  stroke-linejoin="round"
                  stroke-width="1.5"
                />
              </svg>
            </button>
            <button
              class="flex flex-row gap-x-4 font-primary uppercase font-medium disabled:cursor-not-allowed items-center justify-center bg-white text-darker hover:bg-greyish border hover:border-greyish border-greyish hover:shadow-md text-sm rounded-lg w-[40px] h-[40px] p-0"
              type="button"
            >
              <svg
                fill="none"
                height="20"
                viewBox="0 0 20 20"
                width="20"
                xmlns="http://www.w3.org/2000/svg"
              >
                <path
                  d="M16.0417 16.0417H11.4584M3.95837 16.0417L7.50004 15.2083L15.2441 7.46426C15.5695 7.13881 15.5695 6.61118 15.2441 6.28574L13.7143 4.75592C13.3889 4.43048 12.8612 4.43048 12.5358 4.75592L4.79171 12.5L3.95837 16.0417Z"
                  stroke="#212529"
                  stroke-linecap="round"
                  stroke-linejoin="round"
                  stroke-width="1.5"
                />
              </svg>
            </button>
            <button
              class="flex flex-row gap-x-4 font-primary uppercase font-medium disabled:cursor-not-allowed items-center justify-center bg-white text-darker hover:bg-greyish border hover:border-greyish border-greyish hover:shadow-md text-sm rounded-lg w-[40px] h-[40px] p-0"
              type="button"
            >
              <svg
                fill="none"
                height="14"
                viewBox="0 0 14 14"
                width="14"
                xmlns="http://www.w3.org/2000/svg"
              >
                <path
                  d="M2.62496 3.45837L3.32592 11.5195C3.40081 12.3807 4.12181 13.0417 4.98632 13.0417H9.01363C9.87813 13.0417 10.5991 12.3807 10.674 11.5195L11.375 3.45837M5.12496 3.25004V2.62504C5.12496 1.70457 5.87113 0.958374 6.79163 0.958374H7.20829C8.12879 0.958374 8.87496 1.70457 8.87496 2.62504V3.25004M1.16663 3.45837H12.8333"
                  stroke="#212529"
                  stroke-linecap="round"
                  stroke-linejoin="round"
                  stroke-width="1.5"
                />
              </svg>
            </button>
          </div>
        </td>
      </tr>
      <tr>
        <td
          class="px-6 py-2 border-0 border-b border-gray-100 bg-greyish"
        >
          <div
            class="flex items-center"
          >
            <p
              class="text-darker font-normal text-sm"
            >
              3
            </p>
          </div>
        </td>
        <td
          class="px-6 py-2 border-0 border-b border-gray-100 bg-greyish"
        >
          <div
            class="flex items-center"
          >
            <p
              class="text-darker font-normal text-sm"
            >
              Jaiden Nixon
            </p>
          </div>
        </td>
        <td
          class="px-6 py-2 border-0 border-b border-gray-100 bg-greyish"
        >
          <div
            class="flex items-center"
          >
            <div
              class="h-2.5 w-2.5 rounded-full bg-gray-500 me-2"
            />
            <p
              class="text-darker font-normal text-sm"
            >
              Blocked
            </p>
          </div>
        </td>
        <td
          class="px-6 py-2 border-0 border-b border-gray-100 bg-greyish"
        >
          <div
            class="flex items-center"
          >
            <p
              class="text-darker font-normal text-sm"
            >
              me@clayton.com
            </p>
          </div>
        </td>
        <td
          class="px-6 py-2 border-0 border-b border-gray-100 bg-greyish"
        >
          <div
            class="flex items-center"
          >
            <p
              class="text-darker font-normal text-sm"
            >
              10/18/1988
            </p>
          </div>
        </td>
        <td
          class="px-6 py-2 border-0 border-b border-gray-100 bg-greyish"
        >
          <div
            class="flex gap-2"
          >
            <button
              class="flex flex-row gap-x-4 font-primary uppercase font-medium disabled:cursor-not-allowed items-center justify-center bg-white text-darker hover:bg-greyish border hover:border-greyish border-greyish hover:shadow-md text-sm rounded-lg w-[40px] h-[40px] p-0"
              type="button"
            >
              <svg
                fill="none"
                height="20"
                viewBox="0 0 20 20"
                width="20"
                xmlns="http://www.w3.org/2000/svg"
              >
                <path
                  d="M14.375 12.7083V5.625H7.29167M14.1667 5.83333L5.625 14.375"
                  stroke="#212529"
                  stroke-linecap="round"
                  stroke-linejoin="round"
                  stroke-width="1.5"
                />
              </svg>
            </button>
            <button
              class="flex flex-row gap-x-4 font-primary uppercase font-medium disabled:cursor-not-allowed items-center justify-center bg-white text-darker hover:bg-greyish border hover:border-greyish border-greyish hover:shadow-md text-sm rounded-lg w-[40px] h-[40px] p-0"
              type="button"
            >
              <svg
                fill="none"
                height="20"
                viewBox="0 0 20 20"
                width="20"
                xmlns="http://www.w3.org/2000/svg"
              >
                <path
                  d="M16.0417 16.0417H11.4584M3.95837 16.0417L7.50004 15.2083L15.2441 7.46426C15.5695 7.13881 15.5695 6.61118 15.2441 6.28574L13.7143 4.75592C13.3889 4.43048 12.8612 4.43048 12.5358 4.75592L4.79171 12.5L3.95837 16.0417Z"
                  stroke="#212529"
                  stroke-linecap="round"
                  stroke-linejoin="round"
                  stroke-width="1.5"
                />
              </svg>
            </button>
            <button
              class="flex flex-row gap-x-4 font-primary uppercase font-medium disabled:cursor-not-allowed items-center justify-center bg-white text-darker hover:bg-greyish border hover:border-greyish border-greyish hover:shadow-md text-sm rounded-lg w-[40px] h-[40px] p-0"
              type="button"
            >
              <svg
                fill="none"
                height="14"
                viewBox="0 0 14 14"
                width="14"
                xmlns="http://www.w3.org/2000/svg"
              >
                <path
                  d="M2.62496 3.45837L3.32592 11.5195C3.40081 12.3807 4.12181 13.0417 4.98632 13.0417H9.01363C9.87813 13.0417 10.5991 12.3807 10.674 11.5195L11.375 3.45837M5.12496 3.25004V2.62504C5.12496 1.70457 5.87113 0.958374 6.79163 0.958374H7.20829C8.12879 0.958374 8.87496 1.70457 8.87496 2.62504V3.25004M1.16663 3.45837H12.8333"
                  stroke="#212529"
                  stroke-linecap="round"
                  stroke-linejoin="round"
                  stroke-width="1.5"
                />
              </svg>
            </button>
          </div>
        </td>
      </tr>
    </tbody>
  </table>
</div>
`;
